// Jest Snapshot v1, https://goo.gl/fbAQLP

exports[`shopping-cart-provider should provide value 1`] = `
<DocumentFragment>
  <div>
    content
  </div>
</DocumentFragment>
`;
